<?xml version="1.0" encoding="UTF-8"?>
<testsuites name="Mocha Tests" time="1.588" tests="3" failures="0">
  <testsuite name="Root Suite" timestamp="2023-03-16T15:03:46" tests="0" file="src/Login.cy.js" time="0.000" failures="0">
  </testsuite>
  <testsuite name="Checks login" timestamp="2023-03-16T15:03:46" tests="3" time="1.579" failures="0">
    <testcase name="Checks login log in correctly without errors" time="0.491" classname="log in correctly without errors">
    </testcase>
    <testcase name="Checks login log in using wrong password" time="0.560" classname="log in using wrong password">
    </testcase>
    <testcase name="Checks login log in using wrong password" time="0.510" classname="log in using wrong password">
    </testcase>
  </testsuite>
</testsuites>